// Jest Snapshot v1, https://goo.gl/fbAQLP

exports[`Details tests should render 1`] = `[Function]`;
