// Jest Snapshot v1, https://goo.gl/fbAQLP

exports[`Footer tests should render 1`] = `[Function]`;
